// Jest Snapshot v1, https://goo.gl/fbAQLP

exports[`UserListItem Component UserListItem snapshot 1`] = `
Object {
  "asFragment": [Function],
  "baseElement": <body>
    <div>
      <li
        class="MuiListItem-root MuiListItem-gutters MuiListItem-padding list__item css-1p823my-MuiListItem-root"
      >
        <img
          alt="Remy Sharp"
          class="list__avatar"
          src="https://robohash.org/cumquilabore.png?size=300x300&set=set1"
        />
        <div
          class="MuiListItemText-root MuiListItemText-multiline css-konndc-MuiListItemText-root"
        >
          <span
            class="MuiTypography-root MuiTypography-body1 MuiListItemText-primary css-10hburv-MuiTypography-root"
          >
            Georgeanna Lueilwitz
          </span>
          <p
            class="MuiTypography-root MuiTypography-body2 MuiListItemText-secondary css-83ijpv-MuiTypography-root"
          >
            / georgeanna.lueilwitz /
          </p>
        </div>
        <div
          class="buttons"
        >
          <button
            class="MuiButtonBase-root MuiButton-root MuiButton-outlined MuiButton-outlinedError MuiButton-sizeMedium MuiButton-outlinedSizeMedium MuiButton-root MuiButton-outlined MuiButton-outlinedError MuiButton-sizeMedium MuiButton-outlinedSizeMedium css-180lf2n-MuiButtonBase-root-MuiButton-root"
            tabindex="0"
            type="button"
          >
            -
            <span
              class="MuiTouchRipple-root css-8je8zh-MuiTouchRipple-root"
            />
          </button>
          <span
            class="buttons__value"
          >
            0
          </span>
          <button
            class="MuiButtonBase-root MuiButton-root MuiButton-outlined MuiButton-outlinedSuccess MuiButton-sizeMedium MuiButton-outlinedSizeMedium MuiButton-root MuiButton-outlined MuiButton-outlinedSuccess MuiButton-sizeMedium MuiButton-outlinedSizeMedium css-sxix9q-MuiButtonBase-root-MuiButton-root"
            tabindex="0"
            type="button"
          >
            +
            <span
              class="MuiTouchRipple-root css-8je8zh-MuiTouchRipple-root"
            />
          </button>
        </div>
      </li>
      <li
        class="MuiListItem-root MuiListItem-gutters MuiListItem-padding list__item css-1p823my-MuiListItem-root"
      >
        <img
          alt="Remy Sharp"
          class="list__avatar"
          src="https://robohash.org/eligendiadipiscitemporibus.png?size=300x300&set=set1"
        />
        <div
          class="MuiListItemText-root MuiListItemText-multiline css-konndc-MuiListItemText-root"
        >
          <span
            class="MuiTypography-root MuiTypography-body1 MuiListItemText-primary css-10hburv-MuiTypography-root"
          >
            Patti Lemke
          </span>
          <p
            class="MuiTypography-root MuiTypography-body2 MuiListItemText-secondary css-83ijpv-MuiTypography-root"
          >
            / patti.lemke /
          </p>
        </div>
        <div
          class="buttons"
        >
          <button
            class="MuiButtonBase-root MuiButton-root MuiButton-outlined MuiButton-outlinedError MuiButton-sizeMedium MuiButton-outlinedSizeMedium MuiButton-root MuiButton-outlined MuiButton-outlinedError MuiButton-sizeMedium MuiButton-outlinedSizeMedium css-180lf2n-MuiButtonBase-root-MuiButton-root"
            tabindex="0"
            type="button"
          >
            -
            <span
              class="MuiTouchRipple-root css-8je8zh-MuiTouchRipple-root"
            />
          </button>
          <span
            class="buttons__value"
          >
            0
          </span>
          <button
            class="MuiButtonBase-root MuiButton-root MuiButton-outlined MuiButton-outlinedSuccess MuiButton-sizeMedium MuiButton-outlinedSizeMedium MuiButton-root MuiButton-outlined MuiButton-outlinedSuccess MuiButton-sizeMedium MuiButton-outlinedSizeMedium css-sxix9q-MuiButtonBase-root-MuiButton-root"
            tabindex="0"
            type="button"
          >
            +
            <span
              class="MuiTouchRipple-root css-8je8zh-MuiTouchRipple-root"
            />
          </button>
        </div>
      </li>
      <li
        class="MuiListItem-root MuiListItem-gutters MuiListItem-padding list__item css-1p823my-MuiListItem-root"
      >
        <img
          alt="Remy Sharp"
          class="list__avatar"
          src="https://robohash.org/adplaceataut.png?size=300x300&set=set1"
        />
        <div
          class="MuiListItemText-root MuiListItemText-multiline css-konndc-MuiListItemText-root"
        >
          <span
            class="MuiTypography-root MuiTypography-body1 MuiListItemText-primary css-10hburv-MuiTypography-root"
          >
            Leanna White
          </span>
          <p
            class="MuiTypography-root MuiTypography-body2 MuiListItemText-secondary css-83ijpv-MuiTypography-root"
          >
            / leanna.white /
          </p>
        </div>
        <div
          class="buttons"
        >
          <button
            class="MuiButtonBase-root MuiButton-root MuiButton-outlined MuiButton-outlinedError MuiButton-sizeMedium MuiButton-outlinedSizeMedium MuiButton-root MuiButton-outlined MuiButton-outlinedError MuiButton-sizeMedium MuiButton-outlinedSizeMedium css-180lf2n-MuiButtonBase-root-MuiButton-root"
            tabindex="0"
            type="button"
          >
            -
            <span
              class="MuiTouchRipple-root css-8je8zh-MuiTouchRipple-root"
            />
          </button>
          <span
            class="buttons__value"
          >
            0
          </span>
          <button
            class="MuiButtonBase-root MuiButton-root MuiButton-outlined MuiButton-outlinedSuccess MuiButton-sizeMedium MuiButton-outlinedSizeMedium MuiButton-root MuiButton-outlined MuiButton-outlinedSuccess MuiButton-sizeMedium MuiButton-outlinedSizeMedium css-sxix9q-MuiButtonBase-root-MuiButton-root"
            tabindex="0"
            type="button"
          >
            +
            <span
              class="MuiTouchRipple-root css-8je8zh-MuiTouchRipple-root"
            />
          </button>
        </div>
      </li>
    </div>
  </body>,
  "container": <div>
    <li
      class="MuiListItem-root MuiListItem-gutters MuiListItem-padding list__item css-1p823my-MuiListItem-root"
    >
      <img
        alt="Remy Sharp"
        class="list__avatar"
        src="https://robohash.org/cumquilabore.png?size=300x300&set=set1"
      />
      <div
        class="MuiListItemText-root MuiListItemText-multiline css-konndc-MuiListItemText-root"
      >
        <span
          class="MuiTypography-root MuiTypography-body1 MuiListItemText-primary css-10hburv-MuiTypography-root"
        >
          Georgeanna Lueilwitz
        </span>
        <p
          class="MuiTypography-root MuiTypography-body2 MuiListItemText-secondary css-83ijpv-MuiTypography-root"
        >
          / georgeanna.lueilwitz /
        </p>
      </div>
      <div
        class="buttons"
      >
        <button
          class="MuiButtonBase-root MuiButton-root MuiButton-outlined MuiButton-outlinedError MuiButton-sizeMedium MuiButton-outlinedSizeMedium MuiButton-root MuiButton-outlined MuiButton-outlinedError MuiButton-sizeMedium MuiButton-outlinedSizeMedium css-180lf2n-MuiButtonBase-root-MuiButton-root"
          tabindex="0"
          type="button"
        >
          -
          <span
            class="MuiTouchRipple-root css-8je8zh-MuiTouchRipple-root"
          />
        </button>
        <span
          class="buttons__value"
        >
          0
        </span>
        <button
          class="MuiButtonBase-root MuiButton-root MuiButton-outlined MuiButton-outlinedSuccess MuiButton-sizeMedium MuiButton-outlinedSizeMedium MuiButton-root MuiButton-outlined MuiButton-outlinedSuccess MuiButton-sizeMedium MuiButton-outlinedSizeMedium css-sxix9q-MuiButtonBase-root-MuiButton-root"
          tabindex="0"
          type="button"
        >
          +
          <span
            class="MuiTouchRipple-root css-8je8zh-MuiTouchRipple-root"
          />
        </button>
      </div>
    </li>
    <li
      class="MuiListItem-root MuiListItem-gutters MuiListItem-padding list__item css-1p823my-MuiListItem-root"
    >
      <img
        alt="Remy Sharp"
        class="list__avatar"
        src="https://robohash.org/eligendiadipiscitemporibus.png?size=300x300&set=set1"
      />
      <div
        class="MuiListItemText-root MuiListItemText-multiline css-konndc-MuiListItemText-root"
      >
        <span
          class="MuiTypography-root MuiTypography-body1 MuiListItemText-primary css-10hburv-MuiTypography-root"
        >
          Patti Lemke
        </span>
        <p
          class="MuiTypography-root MuiTypography-body2 MuiListItemText-secondary css-83ijpv-MuiTypography-root"
        >
          / patti.lemke /
        </p>
      </div>
      <div
        class="buttons"
      >
        <button
          class="MuiButtonBase-root MuiButton-root MuiButton-outlined MuiButton-outlinedError MuiButton-sizeMedium MuiButton-outlinedSizeMedium MuiButton-root MuiButton-outlined MuiButton-outlinedError MuiButton-sizeMedium MuiButton-outlinedSizeMedium css-180lf2n-MuiButtonBase-root-MuiButton-root"
          tabindex="0"
          type="button"
        >
          -
          <span
            class="MuiTouchRipple-root css-8je8zh-MuiTouchRipple-root"
          />
        </button>
        <span
          class="buttons__value"
        >
          0
        </span>
        <button
          class="MuiButtonBase-root MuiButton-root MuiButton-outlined MuiButton-outlinedSuccess MuiButton-sizeMedium MuiButton-outlinedSizeMedium MuiButton-root MuiButton-outlined MuiButton-outlinedSuccess MuiButton-sizeMedium MuiButton-outlinedSizeMedium css-sxix9q-MuiButtonBase-root-MuiButton-root"
          tabindex="0"
          type="button"
        >
          +
          <span
            class="MuiTouchRipple-root css-8je8zh-MuiTouchRipple-root"
          />
        </button>
      </div>
    </li>
    <li
      class="MuiListItem-root MuiListItem-gutters MuiListItem-padding list__item css-1p823my-MuiListItem-root"
    >
      <img
        alt="Remy Sharp"
        class="list__avatar"
        src="https://robohash.org/adplaceataut.png?size=300x300&set=set1"
      />
      <div
        class="MuiListItemText-root MuiListItemText-multiline css-konndc-MuiListItemText-root"
      >
        <span
          class="MuiTypography-root MuiTypography-body1 MuiListItemText-primary css-10hburv-MuiTypography-root"
        >
          Leanna White
        </span>
        <p
          class="MuiTypography-root MuiTypography-body2 MuiListItemText-secondary css-83ijpv-MuiTypography-root"
        >
          / leanna.white /
        </p>
      </div>
      <div
        class="buttons"
      >
        <button
          class="MuiButtonBase-root MuiButton-root MuiButton-outlined MuiButton-outlinedError MuiButton-sizeMedium MuiButton-outlinedSizeMedium MuiButton-root MuiButton-outlined MuiButton-outlinedError MuiButton-sizeMedium MuiButton-outlinedSizeMedium css-180lf2n-MuiButtonBase-root-MuiButton-root"
          tabindex="0"
          type="button"
        >
          -
          <span
            class="MuiTouchRipple-root css-8je8zh-MuiTouchRipple-root"
          />
        </button>
        <span
          class="buttons__value"
        >
          0
        </span>
        <button
          class="MuiButtonBase-root MuiButton-root MuiButton-outlined MuiButton-outlinedSuccess MuiButton-sizeMedium MuiButton-outlinedSizeMedium MuiButton-root MuiButton-outlined MuiButton-outlinedSuccess MuiButton-sizeMedium MuiButton-outlinedSizeMedium css-sxix9q-MuiButtonBase-root-MuiButton-root"
          tabindex="0"
          type="button"
        >
          +
          <span
            class="MuiTouchRipple-root css-8je8zh-MuiTouchRipple-root"
          />
        </button>
      </div>
    </li>
  </div>,
  "debug": [Function],
  "findAllByAltText": [Function],
  "findAllByDisplayValue": [Function],
  "findAllByLabelText": [Function],
  "findAllByPlaceholderText": [Function],
  "findAllByRole": [Function],
  "findAllByTestId": [Function],
  "findAllByText": [Function],
  "findAllByTitle": [Function],
  "findByAltText": [Function],
  "findByDisplayValue": [Function],
  "findByLabelText": [Function],
  "findByPlaceholderText": [Function],
  "findByRole": [Function],
  "findByTestId": [Function],
  "findByText": [Function],
  "findByTitle": [Function],
  "getAllByAltText": [Function],
  "getAllByDisplayValue": [Function],
  "getAllByLabelText": [Function],
  "getAllByPlaceholderText": [Function],
  "getAllByRole": [Function],
  "getAllByTestId": [Function],
  "getAllByText": [Function],
  "getAllByTitle": [Function],
  "getByAltText": [Function],
  "getByDisplayValue": [Function],
  "getByLabelText": [Function],
  "getByPlaceholderText": [Function],
  "getByRole": [Function],
  "getByTestId": [Function],
  "getByText": [Function],
  "getByTitle": [Function],
  "queryAllByAltText": [Function],
  "queryAllByDisplayValue": [Function],
  "queryAllByLabelText": [Function],
  "queryAllByPlaceholderText": [Function],
  "queryAllByRole": [Function],
  "queryAllByTestId": [Function],
  "queryAllByText": [Function],
  "queryAllByTitle": [Function],
  "queryByAltText": [Function],
  "queryByDisplayValue": [Function],
  "queryByLabelText": [Function],
  "queryByPlaceholderText": [Function],
  "queryByRole": [Function],
  "queryByTestId": [Function],
  "queryByText": [Function],
  "queryByTitle": [Function],
  "rerender": [Function],
  "unmount": [Function],
}
`;
